// Vitest Snapshot v1, https://vitest.dev/guide/snapshot.html

exports[`Pruebas <GifItem /> > Debe hacer match con el snapshot 1`] = `
<div>
  <li>
    <img
      alt="Alexis"
      src="https://one-punch.com/saitama.jpg"
      style="aspect-ratio: undefined/undefined;"
    />
    <p>
      Alexis
    </p>
  </li>
</div>
`;
